I'm sorry, but errors were detected in your script. Please correct the
errors listed below, and try again.


File "game/script.rpy", line 51: expected statement.
    player.change_morale(-1)
                            ^

Ren'Py Version: Ren'Py 7.3.5.606
Wed Jun 24 21:32:45 2020
